------------------------------------------------------------------------------------------------------------
      name:  <unnamed>
       log:  C:\Users\Rosie\Dropbox\CEQ_ado\test-issue#38.log
  log type:  text
 opened on:  22 Apr 2018, 00:54:30

. version 13.0

. 
. ************
. ** LOCALS **
. ************
. 
. // Temportal objects
. tempfile mwb

. 
. // For CEQ commands
. #delimit ;
delimiter now ;
. local income_options_SA1
>         market(ym_SA1)
>         /*mpluspensions(yp_SA1)
>         netmarket(yn_SA1)
>         gross(yg_SA1)
>         disposable(yd_SA1)
>         consumable(yc_SA1)
>         final(yf_SA1)*/;

. local direct_options_SA1
>         pensions(pc_contributory_pen)
>         dtransfers(
>                 pc_BolsaFamilia 
>                 pc_scholarships 
>                 pc_BPC 
>                 pc_special_pensions 
>                 pc_unemployment_ben
>                 pc_other_transfers
>                 pc_milk_ben
>         )
>         dtaxes(
>                 pc_income_taxes
>                 pc_property_taxes
>         )
>         contribs(
>                 pc_contribs_to_pen
>                 pc_other_contributions 
>                 pc_FGTS
>         );

. local indirect_options
>         subsidies(pc_energy_subsidies)
>         indtaxes(pc_indirect_taxes);

. local inkind_options
>         health(pc_health_ben)
>         education(
>                 pc_preschool_educ_ben
>                 pc_primary_educ_ben
>                 pc_secondary_educ_ben
>                 pc_special_educ_ben
>                 pc_vocational_educ_ben
>                 pc_tertiary_educ_ben
>         );

. #delimit cr
delimiter now cr
. 
. **********
. ** DATA **
. **********
. 
. use "pof3.dta", clear // available upon request

. keep if (yg_SA1 != .)
(8,558 observations deleted)

. set seed 2018421

. sample 0.1
(181,043 observations deleted)

. 
. **********
. ** TEST **
. **********
. 
. #delimit ;
delimiter now ;
. ceqconc using "CEQMWB2017_E10_2011PPP_Feb07_2018.xlsx",
>         `income_options_SA1'
>         ppp(1)
>         cpibase(103.15684)
>         cpisurvey(108.69572)    
>         /*`direct_options_SA1'
>         `indirect_options'
>         `inkind_options'*/
>         hhid(code_uc);
Running version 3.7 of ceqconc on 22 Apr 2018 at 00:54:31
   (please report this information if reporting a bug to sean.higgins@ceqinstitute.org)
Warning: daily, monthly, or yearly options not specified; variables assumed to be in yearly local currency u
> nits
Writing to "CEQMWB2017_E10_2011PPP_Feb07_2018.xlsx"; may take several minutes

.         ceqfiscal_apr22 using "CEQMWB2017_E11_2011PPP_Feb07_2018.xlsx",
>         `income_options_SA1'
>         ppp(1)
>         cpibase(103.15684)
>         cpisurvey(108.69572)    
>         /*`direct_options_SA1'*/
>         `indirect_options'
>         /*`inkind_options'*/
>         hhid(code_uc);
Running version 5.0 of ceqfiscal on 22 Apr 2018 at 00:54:32
   (please report this information if reporting a bug to sean.higgins@ceqinstitute.org)
Warning: Fiscal intervention variable(s) pc_energy_subsidies not stored in double format. This may lead to s
> ubstantial discrepancies in the MWB due to rounding error.
Warning: daily, monthly, or yearly options not specified; variables assumed to be in yearly local currency u
> nits
Taxes appear to be positive values for variable(s) pc_indirect_taxes; replaced with negative for calculation
> s
Writing to "CEQMWB2017_E11_2011PPP_Feb07_2018.xlsx"; may take several minutes

. #delimit cr     
delimiter now cr
. 
. 
. 
. **************
. ** CLEANING **
. **************
. 
. // Remove graphs
. // foreach type in "direct" "indirect" "inkind" "summary" {
. //      local files : dir "tests/data" files "conc_`type'_*", respectcase
. //      foreach file in `files' {
. //              local myregex = "^(conc_`type')(.)*(\.(gph|png))$"
. //              if regexm(`"`file'"', "`myregex'") {
. //                      capture : rm "tests/data/`file'"
. //              }
. //      }
. // }
. 
. // Close log-file
. log close
      name:  <unnamed>
       log:  C:\Users\Rosie\Dropbox\CEQ_ado\test-issue#38.log
  log type:  text
 closed on:  22 Apr 2018, 00:54:36
------------------------------------------------------------------------------------------------------------
